###############################################################################
#
# IAR ELF Linker V9.20.1.318/W64 for ARM                  09/Nov/2023  14:00:47
# Copyright 2007-2021 IAR Systems AB.
#
#    Output file  =
#        C:\Users\MusatovDA\plataMedcontrol\nRF5_SDK_17.1.0_ddde560\examples\MyProjects\UartTutorial\pca10040\blank\iar\_build\uart_pca10040.out
#    Map file     =
#        C:\Users\MusatovDA\plataMedcontrol\nRF5_SDK_17.1.0_ddde560\examples\MyProjects\UartTutorial\pca10040\blank\iar\_build\uart_pca10040.map
#    Command line =
#        -f
#        C:\Users\MusatovDA\plataMedcontrol\nRF5_SDK_17.1.0_ddde560\examples\MyProjects\UartTutorial\pca10040\blank\iar\_build\uart_pca10040.out.rsp
#        (C:\Users\MusatovDA\plataMedcontrol\nRF5_SDK_17.1.0_ddde560\examples\MyProjects\UartTutorial\pca10040\blank\iar\_build\nRF_Libraries\app_error.o
#        C:\Users\MusatovDA\plataMedcontrol\nRF5_SDK_17.1.0_ddde560\examples\MyProjects\UartTutorial\pca10040\blank\iar\_build\nRF_Libraries\app_error_handler_iar.o
#        C:\Users\MusatovDA\plataMedcontrol\nRF5_SDK_17.1.0_ddde560\examples\MyProjects\UartTutorial\pca10040\blank\iar\_build\nRF_Libraries\app_error_weak.o
#        C:\Users\MusatovDA\plataMedcontrol\nRF5_SDK_17.1.0_ddde560\examples\MyProjects\UartTutorial\pca10040\blank\iar\_build\nRF_Libraries\app_fifo.o
#        C:\Users\MusatovDA\plataMedcontrol\nRF5_SDK_17.1.0_ddde560\examples\MyProjects\UartTutorial\pca10040\blank\iar\_build\nRF_Libraries\app_uart_fifo.o
#        C:\Users\MusatovDA\plataMedcontrol\nRF5_SDK_17.1.0_ddde560\examples\MyProjects\UartTutorial\pca10040\blank\iar\_build\nRF_Libraries\app_util_platform.o
#        "C:\Users\MusatovDA\plataMedcontrol\nRF5_SDK_17.1.0_ddde560\examples\MyProjects\UartTutorial\pca10040\blank\iar\_build\Board
#        Definition\boards.o"
#        C:\Users\MusatovDA\plataMedcontrol\nRF5_SDK_17.1.0_ddde560\examples\MyProjects\UartTutorial\pca10040\blank\iar\_build\None\iar_startup_nrf52.o
#        C:\Users\MusatovDA\plataMedcontrol\nRF5_SDK_17.1.0_ddde560\examples\MyProjects\UartTutorial\pca10040\blank\iar\_build\Application\main.o
#        C:\Users\MusatovDA\plataMedcontrol\nRF5_SDK_17.1.0_ddde560\examples\MyProjects\UartTutorial\pca10040\blank\iar\_build\nRF_Libraries\nrf_assert.o
#        C:\Users\MusatovDA\plataMedcontrol\nRF5_SDK_17.1.0_ddde560\examples\MyProjects\UartTutorial\pca10040\blank\iar\_build\nRF_Libraries\nrf_atomic.o
#        C:\Users\MusatovDA\plataMedcontrol\nRF5_SDK_17.1.0_ddde560\examples\MyProjects\UartTutorial\pca10040\blank\iar\_build\nRF_Libraries\nrf_balloc.o
#        C:\Users\MusatovDA\plataMedcontrol\nRF5_SDK_17.1.0_ddde560\examples\MyProjects\UartTutorial\pca10040\blank\iar\_build\nRF_Drivers\nrf_drv_uart.o
#        C:\Users\MusatovDA\plataMedcontrol\nRF5_SDK_17.1.0_ddde560\examples\MyProjects\UartTutorial\pca10040\blank\iar\_build\nRF_Libraries\nrf_fprintf.o
#        C:\Users\MusatovDA\plataMedcontrol\nRF5_SDK_17.1.0_ddde560\examples\MyProjects\UartTutorial\pca10040\blank\iar\_build\nRF_Libraries\nrf_fprintf_format.o
#        C:\Users\MusatovDA\plataMedcontrol\nRF5_SDK_17.1.0_ddde560\examples\MyProjects\UartTutorial\pca10040\blank\iar\_build\nRF_Log\nrf_log_frontend.o
#        C:\Users\MusatovDA\plataMedcontrol\nRF5_SDK_17.1.0_ddde560\examples\MyProjects\UartTutorial\pca10040\blank\iar\_build\nRF_Log\nrf_log_str_formatter.o
#        C:\Users\MusatovDA\plataMedcontrol\nRF5_SDK_17.1.0_ddde560\examples\MyProjects\UartTutorial\pca10040\blank\iar\_build\nRF_Libraries\nrf_memobj.o
#        C:\Users\MusatovDA\plataMedcontrol\nRF5_SDK_17.1.0_ddde560\examples\MyProjects\UartTutorial\pca10040\blank\iar\_build\nRF_Libraries\nrf_ringbuf.o
#        C:\Users\MusatovDA\plataMedcontrol\nRF5_SDK_17.1.0_ddde560\examples\MyProjects\UartTutorial\pca10040\blank\iar\_build\nRF_Libraries\nrf_strerror.o
#        C:\Users\MusatovDA\plataMedcontrol\nRF5_SDK_17.1.0_ddde560\examples\MyProjects\UartTutorial\pca10040\blank\iar\_build\nRF_Drivers\nrfx_atomic.o
#        C:\Users\MusatovDA\plataMedcontrol\nRF5_SDK_17.1.0_ddde560\examples\MyProjects\UartTutorial\pca10040\blank\iar\_build\nRF_Drivers\nrfx_prs.o
#        C:\Users\MusatovDA\plataMedcontrol\nRF5_SDK_17.1.0_ddde560\examples\MyProjects\UartTutorial\pca10040\blank\iar\_build\nRF_Drivers\nrfx_uart.o
#        C:\Users\MusatovDA\plataMedcontrol\nRF5_SDK_17.1.0_ddde560\examples\MyProjects\UartTutorial\pca10040\blank\iar\_build\nRF_Drivers\nrfx_uarte.o
#        C:\Users\MusatovDA\plataMedcontrol\nRF5_SDK_17.1.0_ddde560\examples\MyProjects\UartTutorial\pca10040\blank\iar\_build\nRF_Libraries\retarget.o
#        C:\Users\MusatovDA\plataMedcontrol\nRF5_SDK_17.1.0_ddde560\examples\MyProjects\UartTutorial\pca10040\blank\iar\_build\None\system_nrf52.o
#        --redirect _Printf=_PrintfFull --redirect _Scanf=_ScanfFull
#        --no_out_extension -o
#        C:\Users\MusatovDA\plataMedcontrol\nRF5_SDK_17.1.0_ddde560\examples\MyProjects\UartTutorial\pca10040\blank\iar\_build\uart_pca10040.out
#        --map
#        C:\Users\MusatovDA\plataMedcontrol\nRF5_SDK_17.1.0_ddde560\examples\MyProjects\UartTutorial\pca10040\blank\iar\_build\uart_pca10040.map
#        --config
#        C:\Users\MusatovDA\plataMedcontrol\nRF5_SDK_17.1.0_ddde560\examples\MyProjects\UartTutorial\pca10040\blank\iar\uart_iar_nRF5x.icf
#        --warnings_are_errors --entry __iar_program_start --inline --vfe
#        --text_out locale)
#
###############################################################################

*******************************************************************************
*** RUNTIME MODEL ATTRIBUTES
***

CppFlavor       = *
__CPP_Runtime   = 1
__SystemLibrary = DLib
__dlib_version  = 6


*******************************************************************************
*** HEAP SELECTION
***

The basic heap was selected because no calls to memory allocation
functions were found in the application outside of system library
functions, and there are calls to deallocation functions in the
application.


*******************************************************************************
*** PLACEMENT SUMMARY
***

"A0":  place at address 0x0 { ro section .intvec };
define block RO_END with size = 0, alignment = 8 { };
"P1":  place in [from 0x0 to 0x7'ffff] { ro, block RO_END };
define block CSTACK with size = 8K, alignment = 8 { };
define block HEAP with size = 8K, alignment = 8 { };
"P2":  place in [from 0x2000'0000 to 0x2000'ffff] {
          rw, block CSTACK, block HEAP };
initialize by copy { rw };
keep { section .intvec };

  Section            Kind         Address    Size  Object
  -------            ----         -------    ----  ------
"A0":                                       0x200
  .intvec            ro code          0x0   0x200  iar_startup_nrf52.o [3]
                                  - 0x200   0x200

"P1":                                      0x3143
  .text              ro code        0x200  0x101a  xprintffull.o [7]
  .text              ro code       0x121a    0x1e  xencoding_8859_1.o [7]
  .text              ro code       0x1238    0x7c  xlocale_c.o [7]
  .text              ro code       0x12b4    0x16  strchr.o [9]
  .rodata            const         0x12ca     0x2  xlocale_c.o [7]
  .text              ro code       0x12cc    0x40  xfail_s.o [7]
  .text              ro code       0x130c    0x14  strlen_small.o [9]
  .text              ro code       0x1320    0x58  memchr.o [9]
  .text              ro code       0x1378    0x18  ABImemcpy_small.o [9]
  .text              ro code       0x1390    0x70  frexp.o [8]
  .text              ro code       0x1400    0x34  DblCmpLe.o [8]
  .text              ro code       0x1434    0x34  DblCmpGe.o [8]
  .text              ro code       0x1468   0x13a  ldexp.o [8]
  .rodata            const         0x15a2     0x2  xlocale_c.o [7]
  .text              ro code       0x15a4    0x36  DblToS32.o [8]
  .text              ro code       0x15da     0x2  iar_startup_nrf52.o [3]
  .text              ro code       0x15dc    0x22  S32ToDbl.o [8]
  .text              ro code       0x15fe     0x2  iar_startup_nrf52.o [3]
  .text              ro code       0x1600   0x24e  DblAddSub.o [8]
  .text              ro code       0x184e     0x2  iar_startup_nrf52.o [3]
  .text              ro code       0x1850   0x246  DblDiv.o [8]
  .text              ro code       0x1a96     0x2  iar_startup_nrf52.o [3]
  .text              ro code       0x1a98    0x22  DblToU32.o [8]
  .text              ro code       0x1aba     0x2  iar_startup_nrf52.o [3]
  .text              ro code       0x1abc    0x1c  U32ToDbl.o [8]
  .text              ro code       0x1ad8   0x1aa  DblMul.o [8]
  .text              ro code       0x1c82     0xa  xmbcurmax.o [7]
  .text              ro code       0x1c8c   0x230  I64DivMod.o [9]
  .text              ro code       0x1ebc     0x6  abort.o [7]
  .text              ro code       0x1ec2     0x2  iar_startup_nrf52.o [3]
  .text              ro code       0x1ec4     0x2  I64DivZer.o [9]
  .text              ro code       0x1ec6     0x2  iar_startup_nrf52.o [3]
  .text              ro code       0x1ec8     0xc  XXexit.o [9]
  .text              ro code       0x1ed4   0x550  nrfx_uart.o [4]
  .text              ro code       0x2424    0x40  nrfx_prs.o [4]
  .text              ro code       0x2464    0x24  app_util_platform.o [5]
  .text              ro code       0x2488   0x4b4  nrfx_uarte.o [4]
  .text              ro code       0x293c   0x240  system_nrf52.o [3]
  .text              ro code       0x2b7c   0x21c  app_uart_fifo.o [5]
  .text              ro code       0x2d98    0x92  app_fifo.o [5]
  .text              ro code       0x2e2a     0x2  iar_startup_nrf52.o [3]
  .text              ro code       0x2e2c    0x8c  nrf_drv_uart.o [4]
  .text              ro code       0x2eb8    0x1e  app_error.o [5]
  .text              ro code       0x2ed6     0x2  iar_startup_nrf52.o [3]
  .text              ro code       0x2ed8    0x34  app_error_weak.o [5]
  .text              ro code       0x2f0c    0xd8  boards.o [2]
  .text              ro code       0x2fe4    0xac  main.o [1]
  .text              ro code       0x3090    0x28  printf.o [7]
  .text              ro code       0x30b8    0x78  lz77_init_single.o [9]
  .text              ro code       0x3130    0x44  putchar.o [7]
  .text              ro code       0x3174    0x1c  retarget.o [5]
  .text              ro code       0x3190    0x38  zero_init3.o [9]
  .text              ro code       0x31c8    0x28  data_init.o [9]
  .text              ro code       0x31f0    0x22  fpinit_M.o [8]
  .iar.init_table    const         0x3214    0x20  - Linker created -
  .text              ro code       0x3234     0x2  iar_startup_nrf52.o [3]
  .text              ro code       0x3238    0x1e  cmain.o [9]
  .text              ro code       0x3256     0x4  exit.o [7]
  .text              ro code       0x325a     0x2  iar_startup_nrf52.o [3]
  .text              ro code       0x325c     0xa  cexit.o [9]
  .text              ro code       0x3266     0x2  iar_startup_nrf52.o [3]
  .text              ro code       0x3268    0x1c  cstartup_M.o [9]
  .text              ro code       0x3284    0x16  xprout.o [7]
  .text              ro code       0x329a     0x2  iar_startup_nrf52.o [3]
  .text              ro code       0x329c    0x10  iar_startup_nrf52.o [3]
  .text              ro code       0x32ac     0x2  iar_startup_nrf52.o [3]
  .text              ro code       0x32ae     0x2  iar_startup_nrf52.o [3]
  .text              ro code       0x32b0     0x2  iar_startup_nrf52.o [3]
  .text              ro code       0x32b2     0x2  iar_startup_nrf52.o [3]
  .text              ro code       0x32b4     0x2  iar_startup_nrf52.o [3]
  .text              ro code       0x32b6     0x2  iar_startup_nrf52.o [3]
  .text              ro code       0x32b8     0x2  iar_startup_nrf52.o [3]
  .text              ro code       0x32ba     0x2  iar_startup_nrf52.o [3]
  .text              ro code       0x32bc     0x2  iar_startup_nrf52.o [3]
  .text              ro code       0x32be     0x2  iar_startup_nrf52.o [3]
  .text              ro code       0x32c0     0x2  iar_startup_nrf52.o [3]
  .text              ro code       0x32c2     0x2  iar_startup_nrf52.o [3]
  .text              ro code       0x32c4     0x2  iar_startup_nrf52.o [3]
  .text              ro code       0x32c6     0x2  iar_startup_nrf52.o [3]
  .text              ro code       0x32c8     0x2  iar_startup_nrf52.o [3]
  .text              ro code       0x32ca     0x2  iar_startup_nrf52.o [3]
  .text              ro code       0x32cc     0x2  iar_startup_nrf52.o [3]
  .text              ro code       0x32ce     0x2  iar_startup_nrf52.o [3]
  .text              ro code       0x32d0     0x2  iar_startup_nrf52.o [3]
  .text              ro code       0x32d2     0x2  iar_startup_nrf52.o [3]
  .text              ro code       0x32d4     0x2  iar_startup_nrf52.o [3]
  .text              ro code       0x32d6     0x2  iar_startup_nrf52.o [3]
  .text              ro code       0x32d8     0x2  iar_startup_nrf52.o [3]
  .text              ro code       0x32da     0x2  iar_startup_nrf52.o [3]
  .text              ro code       0x32dc     0x2  iar_startup_nrf52.o [3]
  .text              ro code       0x32de     0x2  iar_startup_nrf52.o [3]
  .text              ro code       0x32e0     0x2  iar_startup_nrf52.o [3]
  .text              ro code       0x32e2     0x2  iar_startup_nrf52.o [3]
  .text              ro code       0x32e4     0x2  iar_startup_nrf52.o [3]
  .text              ro code       0x32e6     0x2  iar_startup_nrf52.o [3]
  .text              ro code       0x32e8     0x2  iar_startup_nrf52.o [3]
  .text              ro code       0x32ea     0x2  iar_startup_nrf52.o [3]
  .rodata            const         0x32ec     0x1  xlocale_c.o [7]
  .rodata            const         0x32ed     0x0  zero_init3.o [9]
  .rodata            const         0x32ed     0x0  lz77_init_single.o [9]
  Initializer bytes  const         0x32ed    0x56  <for P2-1>
                                 - 0x3343  0x3143

"P2", part 1 of 3:                          0x10c
  P2-1                        0x2000'0000   0x10c  <Init block>
    .data            inited   0x2000'0000    0x40  app_uart_fifo.o [5]
    .data            inited   0x2000'0040     0x4  system_nrf52.o [3]
    .data            inited   0x2000'0044    0x38  xlocale_c.o [7]
    .data            inited   0x2000'007c    0x48  xlocale_c.o [7]
    .data            inited   0x2000'00c4    0x48  xfiles.o [7]
                            - 0x2000'010c   0x10c

"P2", part 2 of 3:                          0x1bc
  .bss               zero     0x2000'010c   0x100  main.o [1]
  .bss               zero     0x2000'020c    0x50  xfiles.o [7]
  .bss               zero     0x2000'025c    0x2c  nrfx_uart.o [4]
  .bss               zero     0x2000'0288    0x24  nrfx_uarte.o [4]
  .bss               zero     0x2000'02ac     0xc  nrf_drv_uart.o [4]
  .bss               zero     0x2000'02b8     0x8  nrfx_prs.o [4]
  .bss               zero     0x2000'02c0     0x4  app_util_platform.o [5]
  .bss               zero     0x2000'02c4     0x4  xfail_s.o [7]
                            - 0x2000'02c8   0x1bc

"P2", part 3 of 3:                         0x2000
  CSTACK                      0x2000'02c8  0x2000  <Block>
    CSTACK           uninit   0x2000'02c8  0x2000  <Block tail>
                            - 0x2000'22c8  0x2000

Unused ranges:

         From           To      Size
         ----           --      ----
       0x3343     0x7'ffff  0x7'ccbd
  0x2000'22c8  0x2000'ffff    0xdd38


*******************************************************************************
*** INIT TABLE
***

          Address      Size
          -------      ----
Zero (__iar_zero_init3)
    1 destination range, total size 0x1bc:
          0x2000'010c  0x1bc

Copy/lz77 (__iar_lz77_init_single3)
    1 source range, total size 0x56 (32% of destination):
               0x32ed   0x56
    1 destination range, total size 0x10c:
          0x2000'0000  0x10c



*******************************************************************************
*** MODULE SUMMARY
***

    Module               ro code  ro data  rw data
    ------               -------  -------  -------
command line/config:
    ----------------------------------------------
    Total:

C:\Users\MusatovDA\plataMedcontrol\nRF5_SDK_17.1.0_ddde560\examples\MyProjects\UartTutorial\pca10040\blank\iar\_build\Application: [1]
    main.o                   172               256
    ----------------------------------------------
    Total:                   172               256

C:\Users\MusatovDA\plataMedcontrol\nRF5_SDK_17.1.0_ddde560\examples\MyProjects\UartTutorial\pca10040\blank\iar\_build\Board Definition: [2]
    boards.o                 216
    ----------------------------------------------
    Total:                   216

C:\Users\MusatovDA\plataMedcontrol\nRF5_SDK_17.1.0_ddde560\examples\MyProjects\UartTutorial\pca10040\blank\iar\_build\None: [3]
    iar_startup_nrf52.o      618
    system_nrf52.o           576        1        4
    ----------------------------------------------
    Total:                 1'194        1        4

C:\Users\MusatovDA\plataMedcontrol\nRF5_SDK_17.1.0_ddde560\examples\MyProjects\UartTutorial\pca10040\blank\iar\_build\nRF_Drivers: [4]
    nrf_drv_uart.o           140                12
    nrfx_prs.o                64                 8
    nrfx_uart.o            1'360                44
    nrfx_uarte.o           1'204                36
    ----------------------------------------------
    Total:                 2'768               100

C:\Users\MusatovDA\plataMedcontrol\nRF5_SDK_17.1.0_ddde560\examples\MyProjects\UartTutorial\pca10040\blank\iar\_build\nRF_Libraries: [5]
    app_error.o               30
    app_error_weak.o          52
    app_fifo.o               146
    app_uart_fifo.o          540       20       64
    app_util_platform.o       36                 4
    retarget.o                28
    ----------------------------------------------
    Total:                   832       20       68

C:\Users\MusatovDA\plataMedcontrol\nRF5_SDK_17.1.0_ddde560\examples\MyProjects\UartTutorial\pca10040\blank\iar\_build\nRF_Log: [6]
    ----------------------------------------------
    Total:

dl7M_tlf.a: [7]
    abort.o                    6
    exit.o                     4
    printf.o                  40
    putchar.o                 68
    xencoding_8859_1.o        30
    xfail_s.o                 64                 4
    xfiles.o                           24      152
    xlocale_c.o              124       46      128
    xmbcurmax.o               10
    xprintffull.o          4'122
    xprout.o                  22
    ----------------------------------------------
    Total:                 4'490       70      284

m7M_tls.a: [8]
    DblAddSub.o              590
    DblCmpGe.o                52
    DblCmpLe.o                52
    DblDiv.o                 582
    DblMul.o                 426
    DblToS32.o                54
    DblToU32.o                34
    S32ToDbl.o                34
    U32ToDbl.o                28
    fpinit_M.o                34
    frexp.o                  112
    ldexp.o                  314
    ----------------------------------------------
    Total:                 2'312

rt7M_tl.a: [9]
    ABImemcpy_small.o         24
    I64DivMod.o              560
    I64DivZer.o                2
    XXexit.o                  12
    cexit.o                   10
    cmain.o                   30
    cstartup_M.o              28
    data_init.o               40
    lz77_init_single.o       120
    memchr.o                  88
    strchr.o                  22
    strlen_small.o            20
    zero_init3.o              56
    ----------------------------------------------
    Total:                 1'012

    Gaps                       2        2
    Linker created                     32    8'192
--------------------------------------------------
    Grand Total:          12'998      125    8'904


*******************************************************************************
*** ENTRY LIST
***

Entry                       Address   Size  Type      Object
-----                       -------   ----  ----      ------
.iar.init_table$$Base        0x3214          --   Gb  - Linker created -
.iar.init_table$$Limit       0x3234          --   Gb  - Linker created -
?main                        0x3239         Code  Gb  cmain.o [9]
CSTACK$$Base            0x2000'02c8          --   Gb  - Linker created -
CSTACK$$Limit           0x2000'22c8          --   Gb  - Linker created -
CacheMore                    0x123d   0x28  Code  Lc  xlocale_c.o [7]
Region$$Table$$Base          0x3214          --   Gb  - Linker created -
Region$$Table$$Limit         0x3234          --   Gb  - Linker created -
SystemCoreClock         0x2000'0040    0x4  Data  Gb  system_nrf52.o [3]
SystemInit                   0x293d  0x1d4  Code  Gb  system_nrf52.o [3]
UARTE0_UART0_IRQHandler
                             0x2425    0x6  Code  Gb  nrfx_prs.o [4]
_Encoding_8859_1_Mbrlen
                             0x122d    0x2  Code  Gb  xencoding_8859_1.o [7]
_Encoding_8859_1_Wctomb
                             0x121b   0x12  Code  Gb  xencoding_8859_1.o [7]
_LitobFull                   0x105f  0x10c  Code  Lc  xprintffull.o [7]
_Locale_lconv           0x2000'0044   0x38  Data  Lc  xlocale_c.o [7]
_PrintfFull                   0x201  0xc28  Code  Gb  xprintffull.o [7]
_Prout                       0x3285   0x16  Code  Gb  xprout.o [7]
_PutcharsFull                0x11c1   0x2e  Code  Lc  xprintffull.o [7]
_PutstrFull                   0xf9f   0xc0  Code  Lc  xprintffull.o [7]
_PuttxtFull                   0xe93  0x10c  Code  Lc  xprintffull.o [7]
__ICFEDIT_region_RAM_end__ {Abs}
                        0x2000'ffff         Data  Gb  <internal module>
__ICFEDIT_region_RAM_start__ {Abs}
                        0x2000'0000         Data  Gb  <internal module>
__Vectors                       0x0          --   Gb  iar_startup_nrf52.o [3]
__Vectors_End                 0x200         Data  Gb  iar_startup_nrf52.o [3]
__Vectors_Size {Abs}          0x200          --   Gb  iar_startup_nrf52.o [3]
__aeabi_cdcmple              0x1401         Code  Gb  DblCmpLe.o [8]
__aeabi_cdrcmple             0x1435         Code  Gb  DblCmpGe.o [8]
__aeabi_d2iz                 0x15a5         Code  Gb  DblToS32.o [8]
__aeabi_d2uiz                0x1a99         Code  Gb  DblToU32.o [8]
__aeabi_ddiv                 0x1851         Code  Gb  DblDiv.o [8]
__aeabi_dmul                 0x1ad9         Code  Gb  DblMul.o [8]
__aeabi_dsub                 0x176d         Code  Gb  DblAddSub.o [8]
__aeabi_i2d                  0x15dd         Code  Gb  S32ToDbl.o [8]
__aeabi_ldiv0                0x1ec5         Code  Gb  I64DivZer.o [9]
__aeabi_ui2d                 0x1abd         Code  Gb  U32ToDbl.o [8]
__aeabi_uldivmod             0x1c8d         Code  Gb  I64DivMod.o [9]
__cmain                      0x3239         Code  Gb  cmain.o [9]
__exit                       0x1ec9         Code  Gb  XXexit.o [9]
__iar_Fail_s                 0x12cd   0x1c  Code  Gb  xfail_s.o [7]
__iar_Mbcurmax               0x1c83    0xa  Code  Gb  xmbcurmax.o [7]
__iar_Memchr                 0x1321         Code  Gb  memchr.o [9]
__iar_Stdout            0x2000'00c4   0x48  Data  Gb  xfiles.o [7]
__iar_Strchr                 0x12b5         Code  Gb  strchr.o [9]
__iar_data_init3             0x31c9   0x28  Code  Gb  data_init.o [9]
__iar_frexp                  0x139d         Code  Gb  frexp.o [8]
__iar_frexpl                 0x139d         Code  Gb  frexp.o [8]
__iar_globLocale        0x2000'007c   0x48  Data  Lc  xlocale_c.o [7]
__iar_global_Locale          0x1239    0x4  Code  Gb  xlocale_c.o [7]
__iar_init_vfp               0x31f1         Code  Gb  fpinit_M.o [8]
__iar_ldexp64                0x1469         Code  Gb  ldexp.o [8]
__iar_lz77_init_single3
                             0x30b9   0x78  Code  Gb  lz77_init_single.o [9]
__iar_program_start          0x3269         Code  Gb  cstartup_M.o [9]
__iar_scalbln64              0x1469         Code  Gb  ldexp.o [8]
__iar_scalbn64               0x1469         Code  Gb  ldexp.o [8]
__iar_small_Memcpy           0x137d         Code  Gb  ABImemcpy_small.o [9]
__iar_small_memcpy           0x1379         Code  Gb  ABImemcpy_small.o [9]
__iar_small_memcpy4          0x1379         Code  Gb  ABImemcpy_small.o [9]
__iar_small_memcpy8          0x1379         Code  Gb  ABImemcpy_small.o [9]
__iar_small_strlen           0x130d         Code  Gb  strlen_small.o [9]
__iar_softfp___iar_frexp64
                             0x1391         Code  Gb  frexp.o [8]
__iar_softfp_frexp           0x1391         Code  Gb  frexp.o [8]
__iar_softfp_frexpl          0x1391         Code  Gb  frexp.o [8]
__iar_zero_init3             0x3191   0x38  Code  Gb  zero_init3.o [9]
__vector_table                  0x0         Data  Gb  iar_startup_nrf52.o [3]
__write                      0x3175   0x1c  Code  Gb  retarget.o [5]
_call_main                   0x3245         Code  Gb  cmain.o [9]
_exit                        0x325d         Code  Gb  cexit.o [9]
_gLocale_mblen               0x12a1    0x4  Code  Gb  xlocale_c.o [7]
_gLocale_mblenInt            0x1265   0x2c  Code  Gb  xlocale_c.o [7]
_gLocale_wctomb              0x12a5    0x4  Code  Gb  xlocale_c.o [7]
_gLocale_wctombInt           0x129d    0x4  Code  Gb  xlocale_c.o [7]
abort                        0x1ebd    0x6  Code  Gb  abort.o [7]
app_error_fault_handler
                             0x2ed9   0x34  Code  Wk  app_error_weak.o [5]
app_error_handler_bare       0x2eb9   0x1e  Code  Gb  app_error.o [5]
app_fifo_get                 0x2e15   0x16  Code  Gb  app_fifo.o [5]
app_fifo_init                0x2dd3   0x28  Code  Gb  app_fifo.o [5]
app_fifo_put                 0x2dfb   0x1a  Code  Gb  app_fifo.o [5]
app_uart_get                 0x2cef   0x26  Code  Gb  app_uart_fifo.o [5]
app_uart_init                0x2c5d   0x92  Code  Gb  app_uart_fifo.o [5]
app_uart_inst           0x2000'0004   0x14  Data  Lc  app_uart_fifo.o [5]
app_uart_put                 0x2d1f   0x4e  Code  Gb  app_uart_fifo.o [5]
app_util_critical_region_enter
                             0x2475    0x2  Code  Gb  app_util_platform.o [5]
app_util_critical_region_exit
                             0x2483    0x2  Code  Gb  app_util_platform.o [5]
app_util_enable_irq          0x2465    0xe  Code  Gb  app_util_platform.o [5]
bsp_board_init               0x2f91   0x4c  Code  Gb  boards.o [2]
bsp_board_led_off            0x2f61    0x8  Code  Gb  boards.o [2]
bsp_board_led_on             0x2f59    0x8  Code  Gb  boards.o [2]
bsp_board_leds_off           0x2f69   0x12  Code  Gb  boards.o [2]
bsp_board_leds_on            0x2f7b   0x12  Code  Gb  boards.o [2]
exit                         0x3257    0x4  Code  Gb  exit.o [7]
fifo_get                     0x2dbf   0x14  Code  Lc  app_fifo.o [5]
fifo_length                  0x2bb9    0xa  Code  Lc  app_uart_fifo.o [5]
fifo_peek                    0x2dad   0x12  Code  Lc  app_fifo.o [5]
fifo_put                     0x2d99   0x14  Code  Lc  app_fifo.o [5]
ldexp                        0x1469         Code  Gb  ldexp.o [8]
ldexpl                       0x1469         Code  Gb  ldexp.o [8]
localeconv                   0x12a9    0x4  Code  Gb  xlocale_c.o [7]
m_board_btn_list             0x2fe0    0x4  Data  Lc  boards.o [2]
m_board_led_list             0x2fdc    0x4  Data  Lc  boards.o [2]
m_cb                    0x2000'025c   0x2c  Data  Lc  nrfx_uart.o [4]
m_cb                    0x2000'0288   0x24  Data  Lc  nrfx_uarte.o [4]
m_contexts              0x2000'02b4    0x4  Data  Lc  nrf_drv_uart.o [4]
m_event_handler         0x2000'0028    0x4  Data  Lc  app_uart_fifo.o [5]
m_handlers              0x2000'02b0    0x4  Data  Lc  nrf_drv_uart.o [4]
m_in_critical_region    0x2000'02c0    0x4  Data  Lc  app_util_platform.o [5]
m_prs_box_4             0x2000'02b8    0x8  Data  Lc  nrfx_prs.o [4]
m_rx_fifo               0x2000'0018   0x10  Data  Lc  app_uart_fifo.o [5]
m_rx_ovf                0x2000'0000    0x1  Data  Lc  app_uart_fifo.o [5]
m_tx_fifo               0x2000'0030   0x10  Data  Lc  app_uart_fifo.o [5]
main                         0x2fe5   0x66  Code  Gb  main.o [1]
main::com_params             0x3078   0x18  Data  Lc  main.o [1]
main{1}{2}::rx_buf      0x2000'010c   0x80  Data  Lc  main.o [1]
main{1}{2}::tx_buf      0x2000'018c   0x80  Data  Lc  main.o [1]
memchr                       0x1321         Code  Gb  memchr.o [9]
nrf_drv_uart_init            0x2e59   0x52  Code  Gb  nrf_drv_uart.o [4]
nrf_drv_uart_rx              0x2b9b   0x1e  Code  Lc  app_uart_fifo.o [5]
nrf_drv_uart_tx              0x2b7d   0x1e  Code  Lc  app_uart_fifo.o [5]
nrf_drv_uart_use_easy_dma
                        0x2000'02ac    0x1  Data  Gb  nrf_drv_uart.o [4]
nrf_gpio_cfg                 0x2f13   0x24  Code  Lc  boards.o [2]
nrf_gpio_cfg                 0x1f1f   0x24  Code  Lc  nrfx_uart.o [4]
nrf_gpio_cfg                 0x24b3   0x24  Code  Lc  nrfx_uarte.o [4]
nrf_gpio_cfg_input           0x1f4d    0xc  Code  Lc  nrfx_uart.o [4]
nrf_gpio_cfg_input           0x24e1    0xc  Code  Lc  nrfx_uarte.o [4]
nrf_gpio_cfg_output          0x1f43    0xa  Code  Lc  nrfx_uart.o [4]
nrf_gpio_cfg_output          0x24d7    0xa  Code  Lc  nrfx_uarte.o [4]
nrf_gpio_pin_port_decode
                             0x2f0d    0x6  Code  Lc  boards.o [2]
nrf_gpio_pin_set             0x1f6b    0xe  Code  Lc  nrfx_uart.o [4]
nrf_gpio_pin_set             0x24ff    0xe  Code  Lc  nrfx_uarte.o [4]
nrf_gpio_pin_write           0x2f37   0x22  Code  Lc  boards.o [2]
nrf_uart_event_check         0x1ee5    0xa  Code  Lc  nrfx_uart.o [4]
nrf_uart_event_clear         0x1ed5   0x10  Code  Lc  nrfx_uart.o [4]
nrf_uart_hwfc_pins_set       0x1f07    0xa  Code  Lc  nrfx_uart.o [4]
nrf_uart_int_enable_check
                             0x1eef    0xe  Code  Lc  nrfx_uart.o [4]
nrf_uart_rxd_get             0x1f11    0x8  Code  Lc  nrfx_uart.o [4]
nrf_uart_task_trigger        0x1f19    0x6  Code  Lc  nrfx_uart.o [4]
nrf_uart_txrx_pins_set       0x1efd    0xa  Code  Lc  nrfx_uart.o [4]
nrf_uarte_event_check        0x2499    0xa  Code  Lc  nrfx_uarte.o [4]
nrf_uarte_event_clear        0x2489   0x10  Code  Lc  nrfx_uarte.o [4]
nrf_uarte_hwfc_pins_set
                             0x24a9    0x4  Code  Lc  nrfx_uarte.o [4]
nrf_uarte_txrx_pins_set
                             0x24a3    0x6  Code  Lc  nrfx_uarte.o [4]
nrfx_prs_acquire             0x242b   0x32  Code  Gb  nrfx_prs.o [4]
nrfx_uart_0_irq_handler
                             0x22d7  0x122  Code  Gb  nrfx_uart.o [4]
nrfx_uart_init               0x1f79  0x124  Code  Gb  nrfx_uart.o [4]
nrfx_uart_init::irq_handlers
                             0x2420    0x4  Data  Lc  nrfx_uart.o [4]
nrfx_uart_rx                 0x21bb   0xdc  Code  Gb  nrfx_uart.o [4]
nrfx_uart_tx                 0x20bd   0x98  Code  Gb  nrfx_uart.o [4]
nrfx_uart_tx_in_progress
                             0x2155   0x16  Code  Gb  nrfx_uart.o [4]
nrfx_uarte_0_irq_handler
                             0x2821   0xe8  Code  Gb  nrfx_uarte.o [4]
nrfx_uarte_init              0x250d  0x138  Code  Gb  nrfx_uarte.o [4]
nrfx_uarte_init::irq_handlers
                             0x2938    0x4  Data  Lc  nrfx_uarte.o [4]
nrfx_uarte_rx                0x26ef   0xf4  Code  Gb  nrfx_uarte.o [4]
nrfx_uarte_tx                0x2645   0x8c  Code  Gb  nrfx_uarte.o [4]
nrfx_uarte_tx_in_progress
                             0x26d9   0x16  Code  Gb  nrfx_uarte.o [4]
obuf                    0x2000'020c   0x50  Data  Lc  xfiles.o [7]
printf                       0x3091   0x28  Code  Gb  printf.o [7]
putchar                      0x3131   0x44  Code  Gb  putchar.o [7]
rx_buffer               0x2000'002d    0x1  Data  Lc  app_uart_fifo.o [5]
rx_byte                      0x2185   0x36  Code  Lc  nrfx_uart.o [4]
rx_done_event                0x22a1   0x18  Code  Lc  nrfx_uart.o [4]
rx_done_event                0x27e3   0x18  Code  Lc  nrfx_uarte.o [4]
rx_enable                    0x216b   0x1a  Code  Lc  nrfx_uart.o [4]
scalbln                      0x1469         Code  Gb  ldexp.o [8]
scalblnl                     0x1469         Code  Gb  ldexp.o [8]
scalbn                       0x1469         Code  Gb  ldexp.o [8]
scalbnl                      0x1469         Code  Gb  ldexp.o [8]
scale                        0x116b   0x46  Code  Lc  xprintffull.o [7]
sec_hand                0x2000'02c4    0x4  Data  Lc  xfail_s.o [7]
strchr                       0x12b5         Code  Gb  strchr.o [9]
tx_buffer               0x2000'002c    0x1  Data  Lc  app_uart_fifo.o [5]
tx_byte                      0x209d   0x20  Code  Lc  nrfx_uart.o [4]
tx_done_event                0x22b9   0x1e  Code  Lc  nrfx_uart.o [4]
tx_done_event                0x27fb   0x1e  Code  Lc  nrfx_uarte.o [4]
uart_event_handler           0x2bc3   0x98  Code  Lc  app_uart_fifo.o [5]
uart_evt_handler             0x2e31    0x2  Code  Lc  nrf_drv_uart.o [4]
uarte_evt_handler            0x2e2d    0x4  Code  Lc  nrf_drv_uart.o [4]


[1] = C:\Users\MusatovDA\plataMedcontrol\nRF5_SDK_17.1.0_ddde560\examples\MyProjects\UartTutorial\pca10040\blank\iar\_build\Application
[2] = C:\Users\MusatovDA\plataMedcontrol\nRF5_SDK_17.1.0_ddde560\examples\MyProjects\UartTutorial\pca10040\blank\iar\_build\Board Definition
[3] = C:\Users\MusatovDA\plataMedcontrol\nRF5_SDK_17.1.0_ddde560\examples\MyProjects\UartTutorial\pca10040\blank\iar\_build\None
[4] = C:\Users\MusatovDA\plataMedcontrol\nRF5_SDK_17.1.0_ddde560\examples\MyProjects\UartTutorial\pca10040\blank\iar\_build\nRF_Drivers
[5] = C:\Users\MusatovDA\plataMedcontrol\nRF5_SDK_17.1.0_ddde560\examples\MyProjects\UartTutorial\pca10040\blank\iar\_build\nRF_Libraries
[6] = C:\Users\MusatovDA\plataMedcontrol\nRF5_SDK_17.1.0_ddde560\examples\MyProjects\UartTutorial\pca10040\blank\iar\_build\nRF_Log
[7] = dl7M_tlf.a
[8] = m7M_tls.a
[9] = rt7M_tl.a

  12'998 bytes of readonly  code memory
     125 bytes of readonly  data memory
   8'904 bytes of readwrite data memory

Errors: none
Warnings: none
